******************************************************************************
                  MSP430 Linker PC v18.1.1                     
******************************************************************************
>> Linked Sat Mar 17 17:26:22 2018

OUTPUT FILE NAME:   <2553-1.out>
ENTRY POINT SYMBOL: "_c_int00_noargs"  address: 0000c6f6


MEMORY CONFIGURATION

         name            origin    length      used     unused   attr    fill
----------------------  --------  ---------  --------  --------  ----  --------
  SFR                   00000000   00000010  00000000  00000010  RWIX
  PERIPHERALS_8BIT      00000010   000000f0  00000000  000000f0  RWIX
  PERIPHERALS_16BIT     00000100   00000100  00000000  00000100  RWIX
  RAM                   00000200   00000200  00000062  0000019e  RWIX
  INFOD                 00001000   00000040  00000000  00000040  RWIX
  INFOC                 00001040   00000040  00000000  00000040  RWIX
  INFOB                 00001080   00000040  00000000  00000040  RWIX
  INFOA                 000010c0   00000040  00000000  00000040  RWIX
  FLASH                 0000c000   00003fe0  00000a3a  000035a6  RWIX
  INT00                 0000ffe0   00000002  00000002  00000000  RWIX
  INT01                 0000ffe2   00000002  00000000  00000002  RWIX
  INT02                 0000ffe4   00000002  00000002  00000000  RWIX
  INT03                 0000ffe6   00000002  00000002  00000000  RWIX
  INT04                 0000ffe8   00000002  00000000  00000002  RWIX
  INT05                 0000ffea   00000002  00000002  00000000  RWIX
  INT06                 0000ffec   00000002  00000002  00000000  RWIX
  INT07                 0000ffee   00000002  00000002  00000000  RWIX
  INT08                 0000fff0   00000002  00000002  00000000  RWIX
  INT09                 0000fff2   00000002  00000002  00000000  RWIX
  INT10                 0000fff4   00000002  00000002  00000000  RWIX
  INT11                 0000fff6   00000002  00000002  00000000  RWIX
  INT12                 0000fff8   00000002  00000002  00000000  RWIX
  INT13                 0000fffa   00000002  00000002  00000000  RWIX
  INT14                 0000fffc   00000002  00000002  00000000  RWIX
  RESET                 0000fffe   00000002  00000002  00000000  RWIX


SECTION ALLOCATION MAP

 output                                  attributes/
section   page    origin      length       input sections
--------  ----  ----------  ----------   ----------------
.bss       0    00000200    0000000a     UNINITIALIZED
                  00000200    0000000a     (.common:cmd)

.data      0    0000020a    00000008     UNINITIALIZED
                  0000020a    00000005     main.obj (.data)
                  0000020f    00000001     --HOLE--
                  00000210    00000002     Driver_UART.obj (.data)

.stack     0    000003b0    00000050     UNINITIALIZED
                  000003b0    00000002     rts430_eabi.lib : boot.c.obj (.stack)
                  000003b2    0000004e     --HOLE--

.text      0    0000c000    00000898     
                  0000c000    00000218     Driver_UART.obj (.text:interpreteur)
                  0000c218    00000090     main.obj (.text:USCIAB0RX_ISR)
                  0000c2a8    0000008e     main.obj (.text:main)
                  0000c336    0000007c     rts430_eabi.lib : copy_decompress_lzss.c.obj (.text:decompress:lzss:__TI_decompress_lzss)
                  0000c3b2    00000062     Scan_IR.obj (.text:Scan_IR_DoCorrection)
                  0000c414    0000004c     rts430_eabi.lib : lsr16.asm.obj (.text)
                  0000c460    00000048     Driver_Motor.obj (.text:Driver_Motor_Deceleration)
                  0000c4a8    00000048     Scan_IR.obj (.text:Scan_IR_Begin)
                  0000c4f0    00000046     Driver_Motor.obj (.text:Driver_Motor_Acceleration)
                  0000c536    00000042     rts430_eabi.lib : autoinit.c.obj (.text:__TI_auto_init_nobinit_nopinit:__TI_auto_init_nobinit_nopinit)
                  0000c578    0000003c     Driver_Motor.obj (.text:Driver_Motor_Change_Wheel_Direction)
                  0000c5b4    0000003c     Driver_UART.obj (.text:init_UART)
                  0000c5f0    0000003a     Driver_SPI.obj (.text:Init_SPI)
                  0000c62a    00000032     Scan_IR.obj (.text:Scan_IR_Direction)
                  0000c65c    0000002c     rts430_eabi.lib : lsl16.asm.obj (.text)
                  0000c688    00000028     Driver_Motor.obj (.text:Driver_Motor_PWM_Init)
                  0000c6b0    00000026     robot.obj (.text:Motor_Start)
                  0000c6d6    00000020     Driver_UART.obj (.text:envoi_msg_UART)
                  0000c6f6    0000001c     rts430_eabi.lib : boot.c.obj (.text:_c_int00_noargs)
                  0000c712    0000001a     robot.obj (.text:Motor_Turn)
                  0000c72c    00000018     Driver_Motor.obj (.text:Driver_Motor_Correct_Speed)
                  0000c744    00000018     Driver_SPI.obj (.text:Send_char_SPI)
                  0000c75c    00000018     rts430_eabi.lib : strcmp.c.obj (.text:strcmp)
                  0000c774    00000016     Driver_ADC.obj (.text:ADC_Demarrer_conversion)
                  0000c78a    00000016     Driver_ADC.obj (.text:ADC_init)
                  0000c7a0    00000014     robot.obj (.text:Motor_Init)
                  0000c7b4    00000014     robot.obj (.text:Motor_Slow_Stop)
                  0000c7c8    00000014     rts430_eabi.lib : copy_zero_init.c.obj (.text:decompress:ZI:__TI_zero_init_nomemset:__TI_zero_init_nomemset)
                  0000c7dc    00000014                     : mult16.asm.obj (.text)
                  0000c7f0    00000012                     : copy_decompress_none.c.obj (.text:decompress:none:__TI_decompress_none)
                  0000c802    00000012                     : memcpy.c.obj (.text:memcpy)
                  0000c814    00000010     Driver_ADC.obj (.text:ADC_Lire_resultat)
                  0000c824    00000010     rts430_eabi.lib : epilog.asm.obj (.text)
                  0000c834    0000000e     Driver_Motor.obj (.text:Driver_Motor_Default_Speed)
                  0000c842    0000000e     Driver_Motor.obj (.text:Driver_Motor_Max_Speed)
                  0000c850    0000000e     Driver_Motor.obj (.text:Driver_Motor_Start)
                  0000c85e    0000000e     Driver_IR.obj (.text:Get_IR)
                  0000c86c    00000008     Driver_Motor.obj (.text:Driver_Motor_Stop)
                  0000c874    00000008     rts430_eabi.lib : isr_trap.asm.obj (.text:_isr:__TI_ISR_TRAP)
                  0000c87c    00000008     main.obj (.text:chipSelect)
                  0000c884    00000008     main.obj (.text:chipUnselect)
                  0000c88c    00000006     rts430_eabi.lib : exit.c.obj (.text:abort)
                  0000c892    00000004                     : pre_init.c.obj (.text:_system_pre_init)
                  0000c896    00000002                     : startup.c.obj (.text:_system_post_cinit)

.const     0    0000c898    00000186     
                  0000c898    0000017a     Driver_UART.obj (.const:.string)
                  0000ca12    0000000c     main.obj (.const:.string)

.cinit     0    0000ca1e    0000001c     
                  0000ca1e    0000000a     (.cinit..data.load) [load image, compression = lzss]
                  0000ca28    00000006     (__TI_handler_table)
                  0000ca2e    00000004     (.cinit..bss.load) [load image, compression = zero_init]
                  0000ca32    00000008     (__TI_cinit_table)

.init_array 
*          0    0000c000    00000000     UNINITIALIZED

TRAPINT    0    0000ffe0    00000002     
                  0000ffe0    00000002     rts430_eabi.lib : int00.asm.obj (.int00)

PORT1      0    0000ffe4    00000002     
                  0000ffe4    00000002     rts430_eabi.lib : int02.asm.obj (.int02)

PORT2      0    0000ffe6    00000002     
                  0000ffe6    00000002     rts430_eabi.lib : int03.asm.obj (.int03)

ADC10      0    0000ffea    00000002     
                  0000ffea    00000002     rts430_eabi.lib : int05.asm.obj (.int05)

USCIAB0TX 
*          0    0000ffec    00000002     
                  0000ffec    00000002     rts430_eabi.lib : int06.asm.obj (.int06)

USCIAB0RX 
*          0    0000ffee    00000002     
                  0000ffee    00000002     main.obj (.int07)

TIMER0_A1 
*          0    0000fff0    00000002     
                  0000fff0    00000002     rts430_eabi.lib : int08.asm.obj (.int08)

TIMER0_A0 
*          0    0000fff2    00000002     
                  0000fff2    00000002     rts430_eabi.lib : int09.asm.obj (.int09)

WDT        0    0000fff4    00000002     
                  0000fff4    00000002     rts430_eabi.lib : int10.asm.obj (.int10)

COMPARATORA 
*          0    0000fff6    00000002     
                  0000fff6    00000002     rts430_eabi.lib : int11.asm.obj (.int11)

TIMER1_A1 
*          0    0000fff8    00000002     
                  0000fff8    00000002     rts430_eabi.lib : int12.asm.obj (.int12)

TIMER1_A0 
*          0    0000fffa    00000002     
                  0000fffa    00000002     rts430_eabi.lib : int13.asm.obj (.int13)

NMI        0    0000fffc    00000002     
                  0000fffc    00000002     rts430_eabi.lib : int14.asm.obj (.int14)

.reset     0    0000fffe    00000002     
                  0000fffe    00000002     rts430_eabi.lib : boot.c.obj (.reset)

MODULE SUMMARY

       Module                       code   ro data   rw data
       ------                       ----   -------   -------
    .\
       Driver_UART.obj              628    378       12     
       main.obj                     302    14        5      
       Driver_Motor.obj             316    0         0      
       Scan_IR.obj                  220    0         0      
       robot.obj                    104    0         0      
       Driver_SPI.obj               82     0         0      
       Driver_ADC.obj               60     0         0      
       Driver_IR.obj                14     0         0      
    +--+----------------------------+------+---------+---------+
       Total:                       1726   392       17     
                                                            
    D:\code composant\ccsv6\tools\compiler\ti-cgt-msp430_18.1.1.LTS\lib\rts430_eabi.lib
       copy_decompress_lzss.c.obj   124    0         0      
       lsr16.asm.obj                76     0         0      
       autoinit.c.obj               66     0         0      
       lsl16.asm.obj                44     0         0      
       boot.c.obj                   28     2         0      
       strcmp.c.obj                 24     0         0      
       copy_zero_init.c.obj         20     0         0      
       mult16.asm.obj               20     0         0      
       copy_decompress_none.c.obj   18     0         0      
       memcpy.c.obj                 18     0         0      
       epilog.asm.obj               16     0         0      
       isr_trap.asm.obj             8      0         0      
       exit.c.obj                   6      0         0      
       pre_init.c.obj               4      0         0      
       int00.asm.obj                0      2         0      
       int02.asm.obj                0      2         0      
       int03.asm.obj                0      2         0      
       int05.asm.obj                0      2         0      
       int06.asm.obj                0      2         0      
       int08.asm.obj                0      2         0      
       int09.asm.obj                0      2         0      
       int10.asm.obj                0      2         0      
       int11.asm.obj                0      2         0      
       int12.asm.obj                0      2         0      
       int13.asm.obj                0      2         0      
       int14.asm.obj                0      2         0      
       startup.c.obj                2      0         0      
    +--+----------------------------+------+---------+---------+
       Total:                       474    26        0      
                                                            
       Stack:                       0      0         80     
       Linker Generated:            0      28        0      
    +--+----------------------------+------+---------+---------+
       Grand Total:                 2200   446       97     


LINKER GENERATED COPY TABLES

__TI_cinit_table @ 0000ca32 records: 2, size/record: 4, table size: 8
	.data: load addr=0000ca1e, load size=0000000a bytes, run addr=0000020a, run size=00000008 bytes, compression=lzss
	.bss: load addr=0000ca2e, load size=00000004 bytes, run addr=00000200, run size=0000000a bytes, compression=zero_init


LINKER GENERATED HANDLER TABLE

__TI_handler_table @ 0000ca28 records: 3, size/record: 2, table size: 6
	index: 0, handler: __TI_zero_init
	index: 1, handler: __TI_decompress_lzss
	index: 2, handler: __TI_decompress_none


GLOBAL SYMBOLS: SORTED ALPHABETICALLY BY Name 

address   name                               
-------   ----                               
0000004a  ADC10AE0                           
000001b0  ADC10CTL0                          
000001b2  ADC10CTL1                          
00000048  ADC10DTC0                          
00000049  ADC10DTC1                          
000001b4  ADC10MEM                           
000001bc  ADC10SA                            
0000c774  ADC_Demarrer_conversion            
0000c814  ADC_Lire_resultat                  
0000c78a  ADC_init                           
00000057  BCSCTL1                            
00000058  BCSCTL2                            
00000053  BCSCTL3                            
0000c88c  C$$EXIT                            
00000059  CACTL1                             
0000005a  CACTL2                             
000010fb  CALBC1_12MHZ                       
000010f9  CALBC1_16MHZ                       
000010ff  CALBC1_1MHZ                        
000010fd  CALBC1_8MHZ                        
000010fa  CALDCO_12MHZ                       
000010f8  CALDCO_16MHZ                       
000010fe  CALDCO_1MHZ                        
000010fc  CALDCO_8MHZ                        
0000005b  CAPD                               
00000056  DCOCTL                             
0000c4f0  Driver_Motor_Acceleration          
0000c578  Driver_Motor_Change_Wheel_Direction
0000c72c  Driver_Motor_Correct_Speed         
0000c460  Driver_Motor_Deceleration          
0000c834  Driver_Motor_Default_Speed         
0000c842  Driver_Motor_Max_Speed             
0000c688  Driver_Motor_PWM_Init              
0000c850  Driver_Motor_Start                 
0000c86c  Driver_Motor_Stop                  
00000128  FCTL1                              
0000012a  FCTL2                              
0000012c  FCTL3                              
0000c85e  Get_IR                             
00000000  IE1                                
00000001  IE2                                
00000002  IFG1                               
00000003  IFG2                               
0000c78a  Init_IR                            
0000c5f0  Init_SPI                           
0000c7a0  Motor_Init                         
0000c7b4  Motor_Slow_Stop                    
0000c6b0  Motor_Start                        
0000c712  Motor_Turn                         
00000022  P1DIR                              
00000025  P1IE                               
00000024  P1IES                              
00000023  P1IFG                              
00000020  P1IN                               
00000021  P1OUT                              
00000027  P1REN                              
00000026  P1SEL                              
00000041  P1SEL2                             
0000002a  P2DIR                              
0000002d  P2IE                               
0000002c  P2IES                              
0000002b  P2IFG                              
00000028  P2IN                               
00000029  P2OUT                              
0000002f  P2REN                              
0000002e  P2SEL                              
00000042  P2SEL2                             
0000001a  P3DIR                              
00000018  P3IN                               
00000019  P3OUT                              
00000010  P3REN                              
0000001b  P3SEL                              
00000043  P3SEL2                             
0000c814  Read_IR                            
0000c4a8  Scan_IR_Begin                      
0000c62a  Scan_IR_Direction                  
0000c3b2  Scan_IR_DoCorrection               
0000c78a  Scan_IR_Init                       
0000c744  Send_char_SPI                      
00000172  TA0CCR0                            
00000174  TA0CCR1                            
00000176  TA0CCR2                            
00000162  TA0CCTL0                           
00000164  TA0CCTL1                           
00000166  TA0CCTL2                           
00000160  TA0CTL                             
0000012e  TA0IV                              
00000170  TA0R                               
00000192  TA1CCR0                            
00000194  TA1CCR1                            
00000196  TA1CCR2                            
00000182  TA1CCTL0                           
00000184  TA1CCTL1                           
00000186  TA1CCTL2                           
00000180  TA1CTL                             
0000011e  TA1IV                              
00000190  TA1R                               
000010db  TLV_ADC10_1_LEN                    
000010da  TLV_ADC10_1_TAG                    
000010c0  TLV_CHECKSUM                       
000010f7  TLV_DCO_30_LEN                     
000010f6  TLV_DCO_30_TAG                     
0000005d  UCA0ABCTL                          
00000062  UCA0BR0                            
00000063  UCA0BR1                            
00000060  UCA0CTL0                           
00000061  UCA0CTL1                           
0000005f  UCA0IRRCTL                         
0000005e  UCA0IRTCTL                         
00000064  UCA0MCTL                           
00000066  UCA0RXBUF                          
00000065  UCA0STAT                           
00000067  UCA0TXBUF                          
0000006a  UCB0BR0                            
0000006b  UCB0BR1                            
00000068  UCB0CTL0                           
00000069  UCB0CTL1                           
0000006c  UCB0I2CIE                          
00000118  UCB0I2COA                          
0000011a  UCB0I2CSA                          
0000006e  UCB0RXBUF                          
0000006d  UCB0STAT                           
0000006f  UCB0TXBUF                          
0000c218  USCIAB0RX_ISR                      
00000120  WDTCTL                             
00000400  __STACK_END                        
00000050  __STACK_SIZE                       
0000ca32  __TI_CINIT_Base                    
0000ca3a  __TI_CINIT_Limit                   
0000ca28  __TI_Handler_Table_Base            
0000ca2e  __TI_Handler_Table_Limit           
0000c874  __TI_ISR_TRAP                      
0000c536  __TI_auto_init_nobinit_nopinit     
0000c336  __TI_decompress_lzss               
0000c7f0  __TI_decompress_none               
0000ffe0  __TI_int00                         
0000ffe4  __TI_int02                         
0000ffe6  __TI_int03                         
0000ffea  __TI_int05                         
0000ffec  __TI_int06                         
0000ffee  __TI_int07                         
0000fff0  __TI_int08                         
0000fff2  __TI_int09                         
0000fff4  __TI_int10                         
0000fff6  __TI_int11                         
0000fff8  __TI_int12                         
0000fffa  __TI_int13                         
0000fffc  __TI_int14                         
ffffffff  __TI_pprof_out_hndl                
ffffffff  __TI_prof_data_size                
ffffffff  __TI_prof_data_start               
0000c7c8  __TI_zero_init_nomemset            
ffffffff  __c_args__                         
0000c830  __mspabi_func_epilog_1             
0000c82e  __mspabi_func_epilog_2             
0000c82c  __mspabi_func_epilog_3             
0000c82a  __mspabi_func_epilog_4             
0000c828  __mspabi_func_epilog_5             
0000c826  __mspabi_func_epilog_6             
0000c824  __mspabi_func_epilog_7             
0000c7dc  __mspabi_mpyi                      
0000c7dc  __mspabi_mpyi_sw                   
0000c65c  __mspabi_slli                      
0000c684  __mspabi_slli_1                    
0000c672  __mspabi_slli_10                   
0000c670  __mspabi_slli_11                   
0000c66e  __mspabi_slli_12                   
0000c66c  __mspabi_slli_13                   
0000c66a  __mspabi_slli_14                   
0000c668  __mspabi_slli_15                   
0000c682  __mspabi_slli_2                    
0000c680  __mspabi_slli_3                    
0000c67e  __mspabi_slli_4                    
0000c67c  __mspabi_slli_5                    
0000c67a  __mspabi_slli_6                    
0000c678  __mspabi_slli_7                    
0000c676  __mspabi_slli_8                    
0000c674  __mspabi_slli_9                    
0000c414  __mspabi_srli                      
0000c45a  __mspabi_srli_1                    
0000c436  __mspabi_srli_10                   
0000c432  __mspabi_srli_11                   
0000c42e  __mspabi_srli_12                   
0000c42a  __mspabi_srli_13                   
0000c426  __mspabi_srli_14                   
0000c422  __mspabi_srli_15                   
0000c456  __mspabi_srli_2                    
0000c452  __mspabi_srli_3                    
0000c44e  __mspabi_srli_4                    
0000c44a  __mspabi_srli_5                    
0000c446  __mspabi_srli_6                    
0000c442  __mspabi_srli_7                    
0000c43e  __mspabi_srli_8                    
0000c43a  __mspabi_srli_9                    
0000c6f6  _c_int00_noargs                    
0000fffe  _reset_vector                      
000003b0  _stack                             
0000c896  _system_post_cinit                 
0000c892  _system_pre_init                   
0000c88c  abort                              
00000210  auto_mode                          
0000020a  car                                
0000c87c  chipSelect                         
0000c884  chipUnselect                       
00000200  cmd                                
0000c6d6  envoi_msg_UART                     
0000c5b4  init_UART                          
0000020e  intcmd                             
0000c000  interpreteur                       
0000c2a8  main                               
0000c802  memcpy                             
0000020c  nb_car                             
0000c75c  strcmp                             


GLOBAL SYMBOLS: SORTED BY Symbol Address 

address   name                               
-------   ----                               
00000000  IE1                                
00000001  IE2                                
00000002  IFG1                               
00000003  IFG2                               
00000010  P3REN                              
00000018  P3IN                               
00000019  P3OUT                              
0000001a  P3DIR                              
0000001b  P3SEL                              
00000020  P1IN                               
00000021  P1OUT                              
00000022  P1DIR                              
00000023  P1IFG                              
00000024  P1IES                              
00000025  P1IE                               
00000026  P1SEL                              
00000027  P1REN                              
00000028  P2IN                               
00000029  P2OUT                              
0000002a  P2DIR                              
0000002b  P2IFG                              
0000002c  P2IES                              
0000002d  P2IE                               
0000002e  P2SEL                              
0000002f  P2REN                              
00000041  P1SEL2                             
00000042  P2SEL2                             
00000043  P3SEL2                             
00000048  ADC10DTC0                          
00000049  ADC10DTC1                          
0000004a  ADC10AE0                           
00000050  __STACK_SIZE                       
00000053  BCSCTL3                            
00000056  DCOCTL                             
00000057  BCSCTL1                            
00000058  BCSCTL2                            
00000059  CACTL1                             
0000005a  CACTL2                             
0000005b  CAPD                               
0000005d  UCA0ABCTL                          
0000005e  UCA0IRTCTL                         
0000005f  UCA0IRRCTL                         
00000060  UCA0CTL0                           
00000061  UCA0CTL1                           
00000062  UCA0BR0                            
00000063  UCA0BR1                            
00000064  UCA0MCTL                           
00000065  UCA0STAT                           
00000066  UCA0RXBUF                          
00000067  UCA0TXBUF                          
00000068  UCB0CTL0                           
00000069  UCB0CTL1                           
0000006a  UCB0BR0                            
0000006b  UCB0BR1                            
0000006c  UCB0I2CIE                          
0000006d  UCB0STAT                           
0000006e  UCB0RXBUF                          
0000006f  UCB0TXBUF                          
00000118  UCB0I2COA                          
0000011a  UCB0I2CSA                          
0000011e  TA1IV                              
00000120  WDTCTL                             
00000128  FCTL1                              
0000012a  FCTL2                              
0000012c  FCTL3                              
0000012e  TA0IV                              
00000160  TA0CTL                             
00000162  TA0CCTL0                           
00000164  TA0CCTL1                           
00000166  TA0CCTL2                           
00000170  TA0R                               
00000172  TA0CCR0                            
00000174  TA0CCR1                            
00000176  TA0CCR2                            
00000180  TA1CTL                             
00000182  TA1CCTL0                           
00000184  TA1CCTL1                           
00000186  TA1CCTL2                           
00000190  TA1R                               
00000192  TA1CCR0                            
00000194  TA1CCR1                            
00000196  TA1CCR2                            
000001b0  ADC10CTL0                          
000001b2  ADC10CTL1                          
000001b4  ADC10MEM                           
000001bc  ADC10SA                            
00000200  cmd                                
0000020a  car                                
0000020c  nb_car                             
0000020e  intcmd                             
00000210  auto_mode                          
000003b0  _stack                             
00000400  __STACK_END                        
000010c0  TLV_CHECKSUM                       
000010da  TLV_ADC10_1_TAG                    
000010db  TLV_ADC10_1_LEN                    
000010f6  TLV_DCO_30_TAG                     
000010f7  TLV_DCO_30_LEN                     
000010f8  CALDCO_16MHZ                       
000010f9  CALBC1_16MHZ                       
000010fa  CALDCO_12MHZ                       
000010fb  CALBC1_12MHZ                       
000010fc  CALDCO_8MHZ                        
000010fd  CALBC1_8MHZ                        
000010fe  CALDCO_1MHZ                        
000010ff  CALBC1_1MHZ                        
0000c000  interpreteur                       
0000c218  USCIAB0RX_ISR                      
0000c2a8  main                               
0000c336  __TI_decompress_lzss               
0000c3b2  Scan_IR_DoCorrection               
0000c414  __mspabi_srli                      
0000c422  __mspabi_srli_15                   
0000c426  __mspabi_srli_14                   
0000c42a  __mspabi_srli_13                   
0000c42e  __mspabi_srli_12                   
0000c432  __mspabi_srli_11                   
0000c436  __mspabi_srli_10                   
0000c43a  __mspabi_srli_9                    
0000c43e  __mspabi_srli_8                    
0000c442  __mspabi_srli_7                    
0000c446  __mspabi_srli_6                    
0000c44a  __mspabi_srli_5                    
0000c44e  __mspabi_srli_4                    
0000c452  __mspabi_srli_3                    
0000c456  __mspabi_srli_2                    
0000c45a  __mspabi_srli_1                    
0000c460  Driver_Motor_Deceleration          
0000c4a8  Scan_IR_Begin                      
0000c4f0  Driver_Motor_Acceleration          
0000c536  __TI_auto_init_nobinit_nopinit     
0000c578  Driver_Motor_Change_Wheel_Direction
0000c5b4  init_UART                          
0000c5f0  Init_SPI                           
0000c62a  Scan_IR_Direction                  
0000c65c  __mspabi_slli                      
0000c668  __mspabi_slli_15                   
0000c66a  __mspabi_slli_14                   
0000c66c  __mspabi_slli_13                   
0000c66e  __mspabi_slli_12                   
0000c670  __mspabi_slli_11                   
0000c672  __mspabi_slli_10                   
0000c674  __mspabi_slli_9                    
0000c676  __mspabi_slli_8                    
0000c678  __mspabi_slli_7                    
0000c67a  __mspabi_slli_6                    
0000c67c  __mspabi_slli_5                    
0000c67e  __mspabi_slli_4                    
0000c680  __mspabi_slli_3                    
0000c682  __mspabi_slli_2                    
0000c684  __mspabi_slli_1                    
0000c688  Driver_Motor_PWM_Init              
0000c6b0  Motor_Start                        
0000c6d6  envoi_msg_UART                     
0000c6f6  _c_int00_noargs                    
0000c712  Motor_Turn                         
0000c72c  Driver_Motor_Correct_Speed         
0000c744  Send_char_SPI                      
0000c75c  strcmp                             
0000c774  ADC_Demarrer_conversion            
0000c78a  ADC_init                           
0000c78a  Init_IR                            
0000c78a  Scan_IR_Init                       
0000c7a0  Motor_Init                         
0000c7b4  Motor_Slow_Stop                    
0000c7c8  __TI_zero_init_nomemset            
0000c7dc  __mspabi_mpyi                      
0000c7dc  __mspabi_mpyi_sw                   
0000c7f0  __TI_decompress_none               
0000c802  memcpy                             
0000c814  ADC_Lire_resultat                  
0000c814  Read_IR                            
0000c824  __mspabi_func_epilog_7             
0000c826  __mspabi_func_epilog_6             
0000c828  __mspabi_func_epilog_5             
0000c82a  __mspabi_func_epilog_4             
0000c82c  __mspabi_func_epilog_3             
0000c82e  __mspabi_func_epilog_2             
0000c830  __mspabi_func_epilog_1             
0000c834  Driver_Motor_Default_Speed         
0000c842  Driver_Motor_Max_Speed             
0000c850  Driver_Motor_Start                 
0000c85e  Get_IR                             
0000c86c  Driver_Motor_Stop                  
0000c874  __TI_ISR_TRAP                      
0000c87c  chipSelect                         
0000c884  chipUnselect                       
0000c88c  C$$EXIT                            
0000c88c  abort                              
0000c892  _system_pre_init                   
0000c896  _system_post_cinit                 
0000ca28  __TI_Handler_Table_Base            
0000ca2e  __TI_Handler_Table_Limit           
0000ca32  __TI_CINIT_Base                    
0000ca3a  __TI_CINIT_Limit                   
0000ffe0  __TI_int00                         
0000ffe4  __TI_int02                         
0000ffe6  __TI_int03                         
0000ffea  __TI_int05                         
0000ffec  __TI_int06                         
0000ffee  __TI_int07                         
0000fff0  __TI_int08                         
0000fff2  __TI_int09                         
0000fff4  __TI_int10                         
0000fff6  __TI_int11                         
0000fff8  __TI_int12                         
0000fffa  __TI_int13                         
0000fffc  __TI_int14                         
0000fffe  _reset_vector                      
ffffffff  __TI_pprof_out_hndl                
ffffffff  __TI_prof_data_size                
ffffffff  __TI_prof_data_start               
ffffffff  __c_args__                         

[213 symbols]
