******************************************************************************
                  MSP430 Linker PC v17.9.0                     
******************************************************************************
>> Linked Tue Mar  6 22:20:49 2018

OUTPUT FILE NAME:   <TP3 2553 moteur.out>
ENTRY POINT SYMBOL: "_c_int00_noargs"  address: 0000cc00


MEMORY CONFIGURATION

         name            origin    length      used     unused   attr    fill
----------------------  --------  ---------  --------  --------  ----  --------
  SFR                   00000000   00000010  00000000  00000010  RWIX
  PERIPHERALS_8BIT      00000010   000000f0  00000000  000000f0  RWIX
  PERIPHERALS_16BIT     00000100   00000100  00000000  00000100  RWIX
  RAM                   00000200   00000200  00000052  000001ae  RWIX
  INFOD                 00001000   00000040  00000000  00000040  RWIX
  INFOC                 00001040   00000040  00000000  00000040  RWIX
  INFOB                 00001080   00000040  00000000  00000040  RWIX
  INFOA                 000010c0   00000040  00000000  00000040  RWIX
  FLASH                 0000c000   00003fe0  00000f2e  000030b2  RWIX
  INT00                 0000ffe0   00000002  00000000  00000002  RWIX
  INT01                 0000ffe2   00000002  00000000  00000002  RWIX
  INT02                 0000ffe4   00000002  00000002  00000000  RWIX
  INT03                 0000ffe6   00000002  00000002  00000000  RWIX
  INT04                 0000ffe8   00000002  00000000  00000002  RWIX
  INT05                 0000ffea   00000002  00000002  00000000  RWIX
  INT06                 0000ffec   00000002  00000002  00000000  RWIX
  INT07                 0000ffee   00000002  00000002  00000000  RWIX
  INT08                 0000fff0   00000002  00000002  00000000  RWIX
  INT09                 0000fff2   00000002  00000002  00000000  RWIX
  INT10                 0000fff4   00000002  00000002  00000000  RWIX
  INT11                 0000fff6   00000002  00000002  00000000  RWIX
  INT12                 0000fff8   00000002  00000002  00000000  RWIX
  INT13                 0000fffa   00000002  00000002  00000000  RWIX
  INT14                 0000fffc   00000002  00000002  00000000  RWIX
  RESET                 0000fffe   00000002  00000002  00000000  RWIX


SECTION ALLOCATION MAP

 output                                  attributes/
section   page    origin      length       input sections
--------  ----  ----------  ----------   ----------------
.data      0    00000200    00000002     UNINITIALIZED
                  00000200    00000002     main.obj (.data)

.stack     0    000003b0    00000050     UNINITIALIZED
                  000003b0    00000002     rts430_eabi.lib : boot.obj (.stack)
                  000003b2    0000004e     --HOLE--

.text      0    0000c000    00000e04     
                  0000c000    000002fe     main.obj (.text:USCI0RX_ISR)
                  0000c2fe    00000116     rts430_eabi.lib : _printfi_min.obj (.text:_setfield)
                  0000c414    000000e2                     : _printfi_min.obj (.text:__TI_printfi_minimal)
                  0000c4f6    000000ca                     : _printfi_min.obj (.text:_pproc_diouxp)
                  0000c5c0    000000a6     main.obj (.text:main)
                  0000c666    0000009a     Driver_GPIO.obj (.text:showHelp)
                  0000c700    0000007c     Scan_IR.obj (.text:Scan_IR_DoCorrection)
                  0000c77c    0000007c     rts430_eabi.lib : copy_decompress_lzss.obj (.text:decompress:lzss:__TI_decompress_lzss)
                  0000c7f8    00000068     Scan_IR.obj (.text:Scan_IR_Direction)
                  0000c860    00000052     Scan_IR.obj (.text:Scan_IR_Begin)
                  0000c8b2    0000004e     Driver_Motor.obj (.text:Driver_Motor_Deceleration)
                  0000c900    0000004c     Driver_Motor.obj (.text:Driver_Motor_Acceleration)
                  0000c94c    0000004c     rts430_eabi.lib : lsr16.obj (.text)
                  0000c998    0000004a     Driver_Motor.obj (.text:Driver_Motor_Change_Wheel_Direction)
                  0000c9e2    00000042     rts430_eabi.lib : autoinit.obj (.text:__TI_auto_init_nobinit_nopinit:__TI_auto_init_nobinit_nopinit)
                  0000ca24    0000003e     Driver_UART.obj (.text:Init_UART)
                  0000ca62    00000038     rts430_eabi.lib : sprintf.obj (.text:sprintf)
                  0000ca9a    00000034     Driver_SPI.obj (.text:Init_SPI)
                  0000cace    00000034     Driver_GPIO.obj (.text:SendString)
                  0000cb02    0000002c     robot.obj (.text:Motor_Start)
                  0000cb2e    0000002c     rts430_eabi.lib : lsl16.obj (.text)
                  0000cb5a    00000028     Driver_Motor.obj (.text:Driver_Motor_PWM_Init)
                  0000cb82    00000022     Driver_SPI.obj (.text:SPI_TX)
                  0000cba4    00000020     robot.obj (.text:Motor_Turn)
                  0000cbc4    0000001e     Driver_ADC.obj (.text:ADC_Demarrer_conversion)
                  0000cbe2    0000001e     robot.obj (.text:Motor_Slow_Stop)
                  0000cc00    0000001c     rts430_eabi.lib : boot.obj (.text:_c_int00_noargs)
                  0000cc1c    0000001a                     : sprintf.obj (.text:_outs)
                  0000cc36    0000001a                     : memccpy.obj (.text:memccpy)
                  0000cc50    00000018     Driver_ADC.obj (.text:ADC_init)
                  0000cc68    00000018     Driver_Motor.obj (.text:Driver_Motor_Correct_Speed)
                  0000cc80    00000016     rts430_eabi.lib : div16u.obj (.text)
                  0000cc96    00000014     robot.obj (.text:Motor_Init)
                  0000ccaa    00000014     Driver_UART.obj (.text:UART_TXdata)
                  0000ccbe    00000014     rts430_eabi.lib : memset.obj (.text:memset)
                  0000ccd2    00000014                     : mult16.obj (.text)
                  0000cce6    00000012                     : sprintf.obj (.text:_outc)
                  0000ccf8    00000012                     : copy_decompress_none.obj (.text:decompress:none:__TI_decompress_none)
                  0000cd0a    00000012     Driver_GPIO.obj (.text:listening_SPI)
                  0000cd1c    00000012     rts430_eabi.lib : memcpy.obj (.text:memcpy)
                  0000cd2e    00000012     Driver_GPIO.obj (.text:sendChar_SPI)
                  0000cd40    00000010     Driver_ADC.obj (.text:ADC_Lire_resultat)
                  0000cd50    00000010     rts430_eabi.lib : epilog.obj (.text)
                  0000cd60    0000000e     Driver_Motor.obj (.text:Driver_Motor_Default_Speed)
                  0000cd6e    0000000e     Driver_Motor.obj (.text:Driver_Motor_Max_Speed)
                  0000cd7c    0000000e     Driver_Motor.obj (.text:Driver_Motor_Start)
                  0000cd8a    0000000e     Driver_IR.obj (.text:Get_IR)
                  0000cd98    0000000e     rts430_eabi.lib : strlen.obj (.text:strlen)
                  0000cda6    0000000c     Driver_SPI.obj (.text:SPI_RX)
                  0000cdb2    0000000c     Driver_UART.obj (.text:UART_RXdata)
                  0000cdbe    00000008     Driver_Motor.obj (.text:Driver_Motor_Stop)
                  0000cdc6    00000008     rts430_eabi.lib : isr_trap.obj (.text:_isr:__TI_ISR_TRAP)
                  0000cdce    00000008     Driver_GPIO.obj (.text:chipSelect)
                  0000cdd6    00000008     Driver_GPIO.obj (.text:chipUnselect)
                  0000cdde    00000008     Driver_GPIO.obj (.text:sendCharNULL_SPI)
                  0000cde6    00000006     Driver_IR.obj (.text:Init_IR)
                  0000cdec    00000006     Driver_GPIO.obj (.text:ReadUART)
                  0000cdf2    00000006     Scan_IR.obj (.text:Scan_IR_Init)
                  0000cdf8    00000006     rts430_eabi.lib : exit.obj (.text:abort)
                  0000cdfe    00000004                     : pre_init.obj (.text:_system_pre_init)
                  0000ce02    00000002                     : startup.obj (.text:_system_post_cinit)

.const     0    0000ce04    0000011c     
                  0000ce04    000000ae     main.obj (.const:.string)
                  0000ceb2    0000005a     Driver_GPIO.obj (.const:.string)
                  0000cf0c    00000014     rts430_eabi.lib : _printfi_min.obj (.const:.string)

.cinit     0    0000cf20    0000000e     
                  0000cf20    00000006     (.cinit..data.load) [load image]
                  0000cf26    00000004     (__TI_handler_table)
                  0000cf2a    00000004     (__TI_cinit_table)

.init_array 
*          0    0000c000    00000000     UNINITIALIZED

PORT1      0    0000ffe4    00000002     
                  0000ffe4    00000002     rts430_eabi.lib : int02.obj (.int02)

PORT2      0    0000ffe6    00000002     
                  0000ffe6    00000002     rts430_eabi.lib : int03.obj (.int03)

ADC10      0    0000ffea    00000002     
                  0000ffea    00000002     rts430_eabi.lib : int05.obj (.int05)

USCIAB0TX 
*          0    0000ffec    00000002     
                  0000ffec    00000002     rts430_eabi.lib : int06.obj (.int06)

USCIAB0RX 
*          0    0000ffee    00000002     
                  0000ffee    00000002     main.obj (.int07)

TIMER0_A1 
*          0    0000fff0    00000002     
                  0000fff0    00000002     rts430_eabi.lib : int08.obj (.int08)

TIMER0_A0 
*          0    0000fff2    00000002     
                  0000fff2    00000002     rts430_eabi.lib : int09.obj (.int09)

WDT        0    0000fff4    00000002     
                  0000fff4    00000002     rts430_eabi.lib : int10.obj (.int10)

COMPARATORA 
*          0    0000fff6    00000002     
                  0000fff6    00000002     rts430_eabi.lib : int11.obj (.int11)

TIMER1_A1 
*          0    0000fff8    00000002     
                  0000fff8    00000002     rts430_eabi.lib : int12.obj (.int12)

TIMER1_A0 
*          0    0000fffa    00000002     
                  0000fffa    00000002     rts430_eabi.lib : int13.obj (.int13)

NMI        0    0000fffc    00000002     
                  0000fffc    00000002     rts430_eabi.lib : int14.obj (.int14)

.reset     0    0000fffe    00000002     
                  0000fffe    00000002     rts430_eabi.lib : boot.obj (.reset)

MODULE SUMMARY

       Module                     code   ro data   rw data
       ------                     ----   -------   -------
    .\
       main.obj                   932    176       2      
       Driver_GPIO.obj            272    90        0      
       Driver_Motor.obj           342    0         0      
       Scan_IR.obj                316    0         0      
       robot.obj                  126    0         0      
       Driver_SPI.obj             98     0         0      
       Driver_UART.obj            94     0         0      
       Driver_ADC.obj             70     0         0      
       Driver_IR.obj              20     0         0      
    +--+--------------------------+------+---------+---------+
       Total:                     2270   266       2      
                                                          
    D:\code composant\ccsv6\tools\compiler\ti-cgt-msp430_17.9.0.STS\lib\rts430_eabi.lib
       _printfi_min.obj           706    20        0      
       copy_decompress_lzss.obj   124    0         0      
       sprintf.obj                100    0         0      
       lsr16.obj                  76     0         0      
       autoinit.obj               66     0         0      
       lsl16.obj                  44     0         0      
       boot.obj                   28     2         0      
       memccpy.obj                26     0         0      
       div16u.obj                 22     0         0      
       memset.obj                 20     0         0      
       mult16.obj                 20     0         0      
       copy_decompress_none.obj   18     0         0      
       memcpy.obj                 18     0         0      
       epilog.obj                 16     0         0      
       strlen.obj                 14     0         0      
       isr_trap.obj               8      0         0      
       exit.obj                   6      0         0      
       pre_init.obj               4      0         0      
       int02.obj                  0      2         0      
       int03.obj                  0      2         0      
       int05.obj                  0      2         0      
       int06.obj                  0      2         0      
       int08.obj                  0      2         0      
       int09.obj                  0      2         0      
       int10.obj                  0      2         0      
       int11.obj                  0      2         0      
       int12.obj                  0      2         0      
       int13.obj                  0      2         0      
       int14.obj                  0      2         0      
       startup.obj                2      0         0      
    +--+--------------------------+------+---------+---------+
       Total:                     1318   44        0      
                                                          
       Stack:                     0      0         80     
       Linker Generated:          0      14        0      
    +--+--------------------------+------+---------+---------+
       Grand Total:               3588   324       82     


LINKER GENERATED COPY TABLES

__TI_cinit_table @ 0000cf2a records: 1, size/record: 4, table size: 4
	.data: load addr=0000cf20, load size=00000006 bytes, run addr=00000200, run size=00000002 bytes, compression=copy


LINKER GENERATED HANDLER TABLE

__TI_handler_table @ 0000cf26 records: 2, size/record: 2, table size: 4
	index: 0, handler: __TI_decompress_lzss
	index: 1, handler: __TI_decompress_none


GLOBAL SYMBOLS: SORTED ALPHABETICALLY BY Name 

address   name                               
-------   ----                               
0000004a  ADC10AE0                           
000001b0  ADC10CTL0                          
000001b2  ADC10CTL1                          
00000048  ADC10DTC0                          
00000049  ADC10DTC1                          
000001b4  ADC10MEM                           
000001bc  ADC10SA                            
0000cbc4  ADC_Demarrer_conversion            
0000cd40  ADC_Lire_resultat                  
0000cc50  ADC_init                           
00000057  BCSCTL1                            
00000058  BCSCTL2                            
00000053  BCSCTL3                            
0000cdf8  C$$EXIT                            
00000059  CACTL1                             
0000005a  CACTL2                             
000010fb  CALBC1_12MHZ                       
000010f9  CALBC1_16MHZ                       
000010ff  CALBC1_1MHZ                        
000010fd  CALBC1_8MHZ                        
000010fa  CALDCO_12MHZ                       
000010f8  CALDCO_16MHZ                       
000010fe  CALDCO_1MHZ                        
000010fc  CALDCO_8MHZ                        
0000005b  CAPD                               
00000056  DCOCTL                             
0000c900  Driver_Motor_Acceleration          
0000c998  Driver_Motor_Change_Wheel_Direction
0000cc68  Driver_Motor_Correct_Speed         
0000c8b2  Driver_Motor_Deceleration          
0000cd60  Driver_Motor_Default_Speed         
0000cd6e  Driver_Motor_Max_Speed             
0000cb5a  Driver_Motor_PWM_Init              
0000cd7c  Driver_Motor_Start                 
0000cdbe  Driver_Motor_Stop                  
00000128  FCTL1                              
0000012a  FCTL2                              
0000012c  FCTL3                              
0000cd8a  Get_IR                             
00000000  IE1                                
00000001  IE2                                
00000002  IFG1                               
00000003  IFG2                               
0000cde6  Init_IR                            
0000ca9a  Init_SPI                           
0000ca24  Init_UART                          
0000cc96  Motor_Init                         
0000cbe2  Motor_Slow_Stop                    
0000cb02  Motor_Start                        
0000cba4  Motor_Turn                         
00000022  P1DIR                              
00000025  P1IE                               
00000024  P1IES                              
00000023  P1IFG                              
00000020  P1IN                               
00000021  P1OUT                              
00000027  P1REN                              
00000026  P1SEL                              
00000041  P1SEL2                             
0000002a  P2DIR                              
0000002d  P2IE                               
0000002c  P2IES                              
0000002b  P2IFG                              
00000028  P2IN                               
00000029  P2OUT                              
0000002f  P2REN                              
0000002e  P2SEL                              
00000042  P2SEL2                             
0000001a  P3DIR                              
00000018  P3IN                               
00000019  P3OUT                              
00000010  P3REN                              
0000001b  P3SEL                              
00000043  P3SEL2                             
0000cdec  ReadUART                           
0000cda6  SPI_RX                             
0000cb82  SPI_TX                             
0000c860  Scan_IR_Begin                      
0000c7f8  Scan_IR_Direction                  
0000c700  Scan_IR_DoCorrection               
0000cdf2  Scan_IR_Init                       
0000cace  SendString                         
00000172  TA0CCR0                            
00000174  TA0CCR1                            
00000176  TA0CCR2                            
00000162  TA0CCTL0                           
00000164  TA0CCTL1                           
00000166  TA0CCTL2                           
00000160  TA0CTL                             
0000012e  TA0IV                              
00000170  TA0R                               
00000192  TA1CCR0                            
00000194  TA1CCR1                            
00000196  TA1CCR2                            
00000182  TA1CCTL0                           
00000184  TA1CCTL1                           
00000186  TA1CCTL2                           
00000180  TA1CTL                             
0000011e  TA1IV                              
00000190  TA1R                               
000010db  TLV_ADC10_1_LEN                    
000010da  TLV_ADC10_1_TAG                    
000010c0  TLV_CHECKSUM                       
000010f7  TLV_DCO_30_LEN                     
000010f6  TLV_DCO_30_TAG                     
0000cdb2  UART_RXdata                        
0000ccaa  UART_TXdata                        
0000005d  UCA0ABCTL                          
00000062  UCA0BR0                            
00000063  UCA0BR1                            
00000060  UCA0CTL0                           
00000061  UCA0CTL1                           
0000005f  UCA0IRRCTL                         
0000005e  UCA0IRTCTL                         
00000064  UCA0MCTL                           
00000066  UCA0RXBUF                          
00000065  UCA0STAT                           
00000067  UCA0TXBUF                          
0000006a  UCB0BR0                            
0000006b  UCB0BR1                            
00000068  UCB0CTL0                           
00000069  UCB0CTL1                           
0000006c  UCB0I2CIE                          
00000118  UCB0I2COA                          
0000011a  UCB0I2CSA                          
0000006e  UCB0RXBUF                          
0000006d  UCB0STAT                           
0000006f  UCB0TXBUF                          
0000c000  USCI0RX_ISR                        
00000120  WDTCTL                             
00000400  __STACK_END                        
00000050  __STACK_SIZE                       
0000cf2a  __TI_CINIT_Base                    
0000cf2e  __TI_CINIT_Limit                   
0000cf26  __TI_Handler_Table_Base            
0000cf2a  __TI_Handler_Table_Limit           
0000cdc6  __TI_ISR_TRAP                      
0000c9e2  __TI_auto_init_nobinit_nopinit     
0000c77c  __TI_decompress_lzss               
0000ccf8  __TI_decompress_none               
0000ffe4  __TI_int02                         
0000ffe6  __TI_int03                         
0000ffea  __TI_int05                         
0000ffec  __TI_int06                         
0000ffee  __TI_int07                         
0000fff0  __TI_int08                         
0000fff2  __TI_int09                         
0000fff4  __TI_int10                         
0000fff6  __TI_int11                         
0000fff8  __TI_int12                         
0000fffa  __TI_int13                         
0000fffc  __TI_int14                         
ffffffff  __TI_pprof_out_hndl                
0000c414  __TI_printfi_minimal               
ffffffff  __TI_prof_data_size                
ffffffff  __TI_prof_data_start               
ffffffff  __c_args__                         
0000cc80  __mspabi_divu                      
0000cd5c  __mspabi_func_epilog_1             
0000cd5a  __mspabi_func_epilog_2             
0000cd58  __mspabi_func_epilog_3             
0000cd56  __mspabi_func_epilog_4             
0000cd54  __mspabi_func_epilog_5             
0000cd52  __mspabi_func_epilog_6             
0000cd50  __mspabi_func_epilog_7             
0000ccd2  __mspabi_mpyi                      
0000ccd2  __mspabi_mpyi_sw                   
0000cc80  __mspabi_remu                      
0000cb2e  __mspabi_slli                      
0000cb56  __mspabi_slli_1                    
0000cb44  __mspabi_slli_10                   
0000cb42  __mspabi_slli_11                   
0000cb40  __mspabi_slli_12                   
0000cb3e  __mspabi_slli_13                   
0000cb3c  __mspabi_slli_14                   
0000cb3a  __mspabi_slli_15                   
0000cb54  __mspabi_slli_2                    
0000cb52  __mspabi_slli_3                    
0000cb50  __mspabi_slli_4                    
0000cb4e  __mspabi_slli_5                    
0000cb4c  __mspabi_slli_6                    
0000cb4a  __mspabi_slli_7                    
0000cb48  __mspabi_slli_8                    
0000cb46  __mspabi_slli_9                    
0000c94c  __mspabi_srli                      
0000c992  __mspabi_srli_1                    
0000c96e  __mspabi_srli_10                   
0000c96a  __mspabi_srli_11                   
0000c966  __mspabi_srli_12                   
0000c962  __mspabi_srli_13                   
0000c95e  __mspabi_srli_14                   
0000c95a  __mspabi_srli_15                   
0000c98e  __mspabi_srli_2                    
0000c98a  __mspabi_srli_3                    
0000c986  __mspabi_srli_4                    
0000c982  __mspabi_srli_5                    
0000c97e  __mspabi_srli_6                    
0000c97a  __mspabi_srli_7                    
0000c976  __mspabi_srli_8                    
0000c972  __mspabi_srli_9                    
0000cc00  _c_int00_noargs                    
0000fffe  _reset_vector                      
000003b0  _stack                             
0000ce02  _system_post_cinit                 
0000cdfe  _system_pre_init                   
0000cdf8  abort                              
00000200  auto_mode                          
0000cdce  chipSelect                         
0000cdd6  chipUnselect                       
0000cd0a  listening_SPI                      
0000c5c0  main                               
0000cc36  memccpy                            
0000cd1c  memcpy                             
0000ccbe  memset                             
0000cdde  sendCharNULL_SPI                   
0000cd2e  sendChar_SPI                       
0000c666  showHelp                           
0000ca62  sprintf                            
0000cd98  strlen                             


GLOBAL SYMBOLS: SORTED BY Symbol Address 

address   name                               
-------   ----                               
00000000  IE1                                
00000001  IE2                                
00000002  IFG1                               
00000003  IFG2                               
00000010  P3REN                              
00000018  P3IN                               
00000019  P3OUT                              
0000001a  P3DIR                              
0000001b  P3SEL                              
00000020  P1IN                               
00000021  P1OUT                              
00000022  P1DIR                              
00000023  P1IFG                              
00000024  P1IES                              
00000025  P1IE                               
00000026  P1SEL                              
00000027  P1REN                              
00000028  P2IN                               
00000029  P2OUT                              
0000002a  P2DIR                              
0000002b  P2IFG                              
0000002c  P2IES                              
0000002d  P2IE                               
0000002e  P2SEL                              
0000002f  P2REN                              
00000041  P1SEL2                             
00000042  P2SEL2                             
00000043  P3SEL2                             
00000048  ADC10DTC0                          
00000049  ADC10DTC1                          
0000004a  ADC10AE0                           
00000050  __STACK_SIZE                       
00000053  BCSCTL3                            
00000056  DCOCTL                             
00000057  BCSCTL1                            
00000058  BCSCTL2                            
00000059  CACTL1                             
0000005a  CACTL2                             
0000005b  CAPD                               
0000005d  UCA0ABCTL                          
0000005e  UCA0IRTCTL                         
0000005f  UCA0IRRCTL                         
00000060  UCA0CTL0                           
00000061  UCA0CTL1                           
00000062  UCA0BR0                            
00000063  UCA0BR1                            
00000064  UCA0MCTL                           
00000065  UCA0STAT                           
00000066  UCA0RXBUF                          
00000067  UCA0TXBUF                          
00000068  UCB0CTL0                           
00000069  UCB0CTL1                           
0000006a  UCB0BR0                            
0000006b  UCB0BR1                            
0000006c  UCB0I2CIE                          
0000006d  UCB0STAT                           
0000006e  UCB0RXBUF                          
0000006f  UCB0TXBUF                          
00000118  UCB0I2COA                          
0000011a  UCB0I2CSA                          
0000011e  TA1IV                              
00000120  WDTCTL                             
00000128  FCTL1                              
0000012a  FCTL2                              
0000012c  FCTL3                              
0000012e  TA0IV                              
00000160  TA0CTL                             
00000162  TA0CCTL0                           
00000164  TA0CCTL1                           
00000166  TA0CCTL2                           
00000170  TA0R                               
00000172  TA0CCR0                            
00000174  TA0CCR1                            
00000176  TA0CCR2                            
00000180  TA1CTL                             
00000182  TA1CCTL0                           
00000184  TA1CCTL1                           
00000186  TA1CCTL2                           
00000190  TA1R                               
00000192  TA1CCR0                            
00000194  TA1CCR1                            
00000196  TA1CCR2                            
000001b0  ADC10CTL0                          
000001b2  ADC10CTL1                          
000001b4  ADC10MEM                           
000001bc  ADC10SA                            
00000200  auto_mode                          
000003b0  _stack                             
00000400  __STACK_END                        
000010c0  TLV_CHECKSUM                       
000010da  TLV_ADC10_1_TAG                    
000010db  TLV_ADC10_1_LEN                    
000010f6  TLV_DCO_30_TAG                     
000010f7  TLV_DCO_30_LEN                     
000010f8  CALDCO_16MHZ                       
000010f9  CALBC1_16MHZ                       
000010fa  CALDCO_12MHZ                       
000010fb  CALBC1_12MHZ                       
000010fc  CALDCO_8MHZ                        
000010fd  CALBC1_8MHZ                        
000010fe  CALDCO_1MHZ                        
000010ff  CALBC1_1MHZ                        
0000c000  USCI0RX_ISR                        
0000c414  __TI_printfi_minimal               
0000c5c0  main                               
0000c666  showHelp                           
0000c700  Scan_IR_DoCorrection               
0000c77c  __TI_decompress_lzss               
0000c7f8  Scan_IR_Direction                  
0000c860  Scan_IR_Begin                      
0000c8b2  Driver_Motor_Deceleration          
0000c900  Driver_Motor_Acceleration          
0000c94c  __mspabi_srli                      
0000c95a  __mspabi_srli_15                   
0000c95e  __mspabi_srli_14                   
0000c962  __mspabi_srli_13                   
0000c966  __mspabi_srli_12                   
0000c96a  __mspabi_srli_11                   
0000c96e  __mspabi_srli_10                   
0000c972  __mspabi_srli_9                    
0000c976  __mspabi_srli_8                    
0000c97a  __mspabi_srli_7                    
0000c97e  __mspabi_srli_6                    
0000c982  __mspabi_srli_5                    
0000c986  __mspabi_srli_4                    
0000c98a  __mspabi_srli_3                    
0000c98e  __mspabi_srli_2                    
0000c992  __mspabi_srli_1                    
0000c998  Driver_Motor_Change_Wheel_Direction
0000c9e2  __TI_auto_init_nobinit_nopinit     
0000ca24  Init_UART                          
0000ca62  sprintf                            
0000ca9a  Init_SPI                           
0000cace  SendString                         
0000cb02  Motor_Start                        
0000cb2e  __mspabi_slli                      
0000cb3a  __mspabi_slli_15                   
0000cb3c  __mspabi_slli_14                   
0000cb3e  __mspabi_slli_13                   
0000cb40  __mspabi_slli_12                   
0000cb42  __mspabi_slli_11                   
0000cb44  __mspabi_slli_10                   
0000cb46  __mspabi_slli_9                    
0000cb48  __mspabi_slli_8                    
0000cb4a  __mspabi_slli_7                    
0000cb4c  __mspabi_slli_6                    
0000cb4e  __mspabi_slli_5                    
0000cb50  __mspabi_slli_4                    
0000cb52  __mspabi_slli_3                    
0000cb54  __mspabi_slli_2                    
0000cb56  __mspabi_slli_1                    
0000cb5a  Driver_Motor_PWM_Init              
0000cb82  SPI_TX                             
0000cba4  Motor_Turn                         
0000cbc4  ADC_Demarrer_conversion            
0000cbe2  Motor_Slow_Stop                    
0000cc00  _c_int00_noargs                    
0000cc36  memccpy                            
0000cc50  ADC_init                           
0000cc68  Driver_Motor_Correct_Speed         
0000cc80  __mspabi_divu                      
0000cc80  __mspabi_remu                      
0000cc96  Motor_Init                         
0000ccaa  UART_TXdata                        
0000ccbe  memset                             
0000ccd2  __mspabi_mpyi                      
0000ccd2  __mspabi_mpyi_sw                   
0000ccf8  __TI_decompress_none               
0000cd0a  listening_SPI                      
0000cd1c  memcpy                             
0000cd2e  sendChar_SPI                       
0000cd40  ADC_Lire_resultat                  
0000cd50  __mspabi_func_epilog_7             
0000cd52  __mspabi_func_epilog_6             
0000cd54  __mspabi_func_epilog_5             
0000cd56  __mspabi_func_epilog_4             
0000cd58  __mspabi_func_epilog_3             
0000cd5a  __mspabi_func_epilog_2             
0000cd5c  __mspabi_func_epilog_1             
0000cd60  Driver_Motor_Default_Speed         
0000cd6e  Driver_Motor_Max_Speed             
0000cd7c  Driver_Motor_Start                 
0000cd8a  Get_IR                             
0000cd98  strlen                             
0000cda6  SPI_RX                             
0000cdb2  UART_RXdata                        
0000cdbe  Driver_Motor_Stop                  
0000cdc6  __TI_ISR_TRAP                      
0000cdce  chipSelect                         
0000cdd6  chipUnselect                       
0000cdde  sendCharNULL_SPI                   
0000cde6  Init_IR                            
0000cdec  ReadUART                           
0000cdf2  Scan_IR_Init                       
0000cdf8  C$$EXIT                            
0000cdf8  abort                              
0000cdfe  _system_pre_init                   
0000ce02  _system_post_cinit                 
0000cf26  __TI_Handler_Table_Base            
0000cf2a  __TI_CINIT_Base                    
0000cf2a  __TI_Handler_Table_Limit           
0000cf2e  __TI_CINIT_Limit                   
0000ffe4  __TI_int02                         
0000ffe6  __TI_int03                         
0000ffea  __TI_int05                         
0000ffec  __TI_int06                         
0000ffee  __TI_int07                         
0000fff0  __TI_int08                         
0000fff2  __TI_int09                         
0000fff4  __TI_int10                         
0000fff6  __TI_int11                         
0000fff8  __TI_int12                         
0000fffa  __TI_int13                         
0000fffc  __TI_int14                         
0000fffe  _reset_vector                      
ffffffff  __TI_pprof_out_hndl                
ffffffff  __TI_prof_data_size                
ffffffff  __TI_prof_data_start               
ffffffff  __c_args__                         

[219 symbols]
